=== RCA-16 start: Tue Aug  4 12:45:38 PM CEST 2026 ===

        SystemC 3.0.2-Accellera --- Apr  2 2026 17:01:13
        Copyright (c) 1996-2025 by all Contributors,
        ALL RIGHTS RESERVED

Info: /OSCI/SystemC: Simulation stopped by user.

Info: /OSCI/SystemC: Simulation stopped by user.

Info: /OSCI/SystemC: Simulation stopped by user.

Info: /OSCI/SystemC: Simulation stopped by user.

Info: /OSCI/SystemC: Simulation stopped by user.

Info: /OSCI/SystemC: Simulation stopped by user.

Info: /OSCI/SystemC: Simulation stopped by user.

Info: /OSCI/SystemC: Simulation stopped by user.

Info: /OSCI/SystemC: Simulation stopped by user.

Info: /OSCI/SystemC: Simulation stopped by user.

Info: /OSCI/SystemC: Simulation stopped by user.

Info: /OSCI/SystemC: Simulation stopped by user.

Info: /OSCI/SystemC: Simulation stopped by user.

Info: /OSCI/SystemC: Simulation stopped by user.

Info: /OSCI/SystemC: Simulation stopped by user.

Info: /OSCI/SystemC: Simulation stopped by user.
RCA-16: GATES=80 SWITCHES=1422021234 DELAY=32ns

real	42m51.939s
user	655m35.708s
sys	1m56.509s
=== CLA-16 start: Tue Aug  4 01:28:30 PM CEST 2026 ===

        SystemC 3.0.2-Accellera --- Apr  2 2026 17:01:13
        Copyright (c) 1996-2025 by all Contributors,
        ALL RIGHTS RESERVED

Info: /OSCI/SystemC: Simulation stopped by user.

Info: /OSCI/SystemC: Simulation stopped by user.

Info: /OSCI/SystemC: Simulation stopped by user.

Info: /OSCI/SystemC: Simulation stopped by user.

Info: /OSCI/SystemC: Simulation stopped by user.

Info: /OSCI/SystemC: Simulation stopped by user.

Info: /OSCI/SystemC: Simulation stopped by user.

Info: /OSCI/SystemC: Simulation stopped by user.

Info: /OSCI/SystemC: Simulation stopped by user.

Info: /OSCI/SystemC: Simulation stopped by user.

Info: /OSCI/SystemC: Simulation stopped by user.

Info: /OSCI/SystemC: Simulation stopped by user.

Info: /OSCI/SystemC: Simulation stopped by user.

Info: /OSCI/SystemC: Simulation stopped by user.

Info: /OSCI/SystemC: Simulation stopped by user.

Info: /OSCI/SystemC: Simulation stopped by user.
CLA-16: GATES=152 SWITCHES=2710398042 DELAY=8ns

real	51m15.532s
user	786m31.666s
sys	2m9.958s
=== TER-16 start: Tue Aug  4 02:19:45 PM CEST 2026 ===

        SystemC 3.0.2-Accellera --- Apr  2 2026 17:01:13
        Copyright (c) 1996-2025 by all Contributors,
        ALL RIGHTS RESERVED

Info: /OSCI/SystemC: Simulation stopped by user.

Info: /OSCI/SystemC: Simulation stopped by user.

Info: /OSCI/SystemC: Simulation stopped by user.

Info: /OSCI/SystemC: Simulation stopped by user.

Info: /OSCI/SystemC: Simulation stopped by user.

Info: /OSCI/SystemC: Simulation stopped by user.

Info: /OSCI/SystemC: Simulation stopped by user.

Info: /OSCI/SystemC: Simulation stopped by user.

Info: /OSCI/SystemC: Simulation stopped by user.

Info: /OSCI/SystemC: Simulation stopped by user.

Info: /OSCI/SystemC: Simulation stopped by user.

Info: /OSCI/SystemC: Simulation stopped by user.

Info: /OSCI/SystemC: Simulation stopped by user.

Info: /OSCI/SystemC: Simulation stopped by user.

Info: /OSCI/SystemC: Simulation stopped by user.

Info: /OSCI/SystemC: Simulation stopped by user.
TER-16: GATES=192 SWITCHES=1116212838 DELAY=4ns

real	59m43.153s
user	894m56.015s
sys	2m55.889s
=== ALL DONE: Tue Aug  4 03:19:29 PM CEST 2026 ===
